LIN	LIN_head	LIN_1_head
LIN	LIN_head	LIN_2_head
MAS	MAS_head	MAS_1_head
MAS	MAS_head	MAS_2_head
BB	BB_forelimb	BB_1_forelimb
BB	BB_forelimb	BB_2_forelimb
DAP	DAP_forelimb	DAP_1_forelimb
DAP	DAP_forelimb	DAP_2_forelimb
DAP	DAP_forelimb	DAP_3_forelimb
DSP	DSP_forelimb	DSP_1_forelimb
DSP	DSP_forelimb	DSP_2_forelimb
DSP	DSP_forelimb	DSP_3_forelimb
EDC	EDC_forelimb	EDC_1_forelimb
EDC	EDC_forelimb	EDC_2_forelimb
EDC	EDC_forelimb	EDC_3_forelimb
EDL-F	EDL-F_forelimb	EDL-F_1_forelimb
EDL-F	EDL-F_forelimb	EDL-F_2_forelimb
EDL-F	EDL-F_forelimb	EDL-F_3_forelimb
FDP-F	FDP-F_forelimb	FDP-F_1_forelimb
FDP-F	FDP-F_forelimb	FDP-F_2_forelimb
FDP-F	FDP-F_forelimb	FDP-F_3_forelimb
FDS-F	FDS-F_forelimb	FDS-F_1_forelimb
FDS-F	FDS-F_forelimb	FDS-F_2_forelimb
ISP	ISP_forelimb	ISP_1_forelimb
ISP	ISP_forelimb	ISP_2_forelimb
ISP	ISP_forelimb	ISP_3_forelimb
SSP	SSP_forelimb	SSP_1_forelimb
SSP	SSP_forelimb	SSP_2_forelimb
SSP	SSP_forelimb	SSP_3_forelimb
SUB	SUB_forelimb	SUB_1_forelimb
SUB	SUB_forelimb	SUB_2_forelimb
SUB	SUB_forelimb	SUB_3_forelimb
TB-LA	TB-LA_forelimb	TB-LA_1_forelimb
TB-LA	TB-LA_forelimb	TB-LA_2_forelimb
TB-LO	TB-LO_forelimb	TB-LO_1_forelimb
TB-LO	TB-LO_forelimb	TB-LO_2_forelimb
TB-LO	TB-LO_forelimb	TB-LO_3_forelimb
TB-M	TB-M_forelimb	TB-M_1_forelimb
TB-M	TB-M_forelimb	TB-M_2_forelimb
TB-M	TB-M_forelimb	TB-M_3_forelimb
TM	TM_forelimb	TM_1_forelimb
TM	TM_forelimb	TM_2_forelimb
TM	TM_forelimb	TM_3_forelimb
BRA	BRA_trunk	BRA_1_trunk
BRA	BRA_trunk	BRA_2_trunk
BRA	BRA_trunk	BRA_3_trunk
LD	LD_trunk	LD_1_trunk
LD	LD_trunk	LD_2_trunk
LDM	LDM_trunk	LDM_1_trunk
LDM	LDM_trunk	LDM_2_trunk
OEA	OEA_trunk	OEA_1_trunk
OEA	OEA_trunk	OEA_2_trunk
OEA	OEA_trunk	OEA_3_trunk
PP	PP_trunk	PP_1_trunk
PP	PP_trunk	PP_2_trunk
PP	PP_trunk	PP_3_trunk
PS	PS_trunk	PS_1_trunk
PS	PS_trunk	PS_2_trunk
RA	RA_trunk	RA_1_trunk
RA	RA_trunk	RA_2_trunk
RA	RA_trunk	RA_3_trunk
RHO	RHO_trunk	RHO_1_trunk
RHO	RHO_trunk	RHO_2_trunk
SP	SP_trunk	SP_1_trunk
SP	SP_trunk	SP_2_trunk
SP	SP_trunk	SP_3_trunk
TA	TA_trunk	TA_1_trunk
TA	TA_trunk	TA_2_trunk
TA	TA_trunk	TA_3_trunk
TRC	TRC_trunk	TRC_1_trunk
TRC	TRC_trunk	TRC_2_trunk
ADD	ADD_hindlimb	ADD_1_hindlimb
ADD	ADD_hindlimb	ADD_2_hindlimb
ADD	ADD_hindlimb	ADD_3_hindlimb
BF	BF_hindlimb	BF_1_hindlimb
BF	BF_hindlimb	BF_2_hindlimb
BF	BF_hindlimb	BF_3_hindlimb
EDL-H	EDL-H_hindlimb	EDL-H_1_hindlimb
EDL-H	EDL-H_hindlimb	EDL-H_2_hindlimb
EDL-H	EDL-H_hindlimb	EDL-H_3_hindlimb
FDP-H	FDP-H_hindlimb	FDP-H_1_hindlimb
FDP-H	FDP-H_hindlimb	FDP-H_3_hindlimb
FDS-H	FDS-H_hindlimb	FDS-H_1_hindlimb
FDS-H	FDS-H_hindlimb	FDS-H_2_hindlimb
FDS-H	FDS-H_hindlimb	FDS-H_3_hindlimb
GAS-L	GAS-L_hindlimb	GAS-L_1_hindlimb
GAS-L	GAS-L_hindlimb	GAS-L_2_hindlimb
GAS-L	GAS-L_hindlimb	GAS-L_3_hindlimb
GAS-M	GAS-M_hindlimb	GAS-M_1_hindlimb
GAS-M	GAS-M_hindlimb	GAS-M_2_hindlimb
GAS-M	GAS-M_hindlimb	GAS-M_3_hindlimb
GM	GM_hindlimb	GM_1_hindlimb
GM	GM_hindlimb	GM_2_hindlimb
GM	GM_hindlimb	GM_3_hindlimb
GRA	GRA_hindlimb	GRA_1_hindlimb
GRA	GRA_hindlimb	GRA_2_hindlimb
GRA	GRA_hindlimb	GRA_3_hindlimb
PM	PM_hindlimb	PM_1_hindlimb
PM	PM_hindlimb	PM_2_hindlimb
PM	PM_hindlimb	PM_3_hindlimb
RF	RF_hindlimb	RF_1_hindlimb
RF	RF_hindlimb	RF_2_hindlimb
RF	RF_hindlimb	RF_3_hindlimb
SAR	SAR_hindlimb	SAR_1_hindlimb
SAR	SAR_hindlimb	SAR_2_hindlimb
SAR	SAR_hindlimb	SAR_3_hindlimb
SM	SM_hindlimb	SM_1_hindlimb
SM	SM_hindlimb	SM_2_hindlimb
SM	SM_hindlimb	SM_3_hindlimb
SOL	SOL_hindlimb	SOL_1_hindlimb
SOL	SOL_hindlimb	SOL_2_hindlimb
SOL	SOL_hindlimb	SOL_3_hindlimb
ST	ST_hindlimb	ST_1_hindlimb
ST	ST_hindlimb	ST_2_hindlimb
ST	ST_hindlimb	ST_3_hindlimb
TFL	TFL_hindlimb	TFL_1_hindlimb
TFL	TFL_hindlimb	TFL_2_hindlimb
TFL	TFL_hindlimb	TFL_3_hindlimb
TIC	TIC_hindlimb	TIC_1_hindlimb
TIC	TIC_hindlimb	TIC_2_hindlimb
TIC	TIC_hindlimb	TIC_3_hindlimb
VI	VI_hindlimb	VI_1_hindlimb
VI	VI_hindlimb	VI_2_hindlimb
VI	VI_hindlimb	VI_3_hindlimb
VL	VL_hindlimb	VL_1_hindlimb
VL	VL_hindlimb	VL_2_hindlimb
VL	VL_hindlimb	VL_3_hindlimb
VM	VM_hindlimb	VM_1_hindlimb
VM	VM_hindlimb	VM_2_hindlimb
VM	VM_hindlimb	VM_3_hindlimb
Left_Atrium	Left_Atrium	Left_Atrium_1
Left_Atrium	Left_Atrium	Left_Atrium_3
Left_Ventricle	Left_Ventricle	Left_Ventricle_1
Left_Ventricle	Left_Ventricle	Left_Ventricle_2
Left_Ventricle	Left_Ventricle	Left_Ventricle_3
Right_Atrium	Right_Atrium	Right_Atrium_1
Right_Atrium	Right_Atrium	Right_Atrium_2
Right_Atrium	Right_Atrium	Right_Atrium_3
Right_Ventricle	Right_Ventricle	Right_Ventricle_1
Right_Ventricle	Right_Ventricle	Right_Ventricle_2
Right_Ventricle	Right_Ventricle	Right_Ventricle_3
